     1                                 %line 1+1 sum.asm
     2                                 [section .data]
     3                                 
     4                                 EXIT_SUCCESS equ 0
     5                                 SYS_exit equ 60
     6                                 
     7 00000000 EA030000EC030000EE-    lst dd 1002, 1004, 1006, 1008, 1010
     8 00000000 030000F0030000F203-
     9 00000000 0000               
    10 00000014 05000000               len dd 5
    11 00000018 00000000               sum dd 0
    12                                 
    13                                 [section .text]
    14                                 [global _start]
    15                                 _start:
    16                                 
    17 00000000 B900000000             mov ecx, 0
    18                                 
    19                                 sumloop:
    20 00000005 678B048D[00000000]      mov eax, dword [lst + ecx * 4]
    21 0000000D 010425[00000000]        add dword [sum], eax
    22 00000014 FFC1                    inc ecx
    23 00000016 3B0C25[00000000]        cmp ecx, dword [len]
    24 0000001D 75E4                    jne sumloop
    25                                 
    26                                 
    27                                 last:
    28 0000001F 48C7C03C000000          mov rax, SYS_exit
    29 00000026 48C7C700000000          mov rdi, EXIT_SUCCESS
    30 0000002D 0F05                    syscall
